{"synthetic": false,
 "schemaVersion": "2025-09-10",
 "outputs":
 {"o": ["709fcf6bb4880a2f.olean"],
  "m": false,
  "i": "a048752ef571396e.ilean",
  "c": "91c8f3f89ccf260f.c"},
 "log":
 [{"message":
   ".> LEAN_PATH=~/dev/joshibot/kernel/.lake/build/lib/lean ~/.elan/toolchains/leanprover--lean4---v4.33.0/bin/lean ~/dev/joshibot/kernel/Joshi.lean -o ~/dev/joshibot/kernel/.lake/build/lib/lean/Joshi.olean -i ~/dev/joshibot/kernel/.lake/build/lib/lean/Joshi.ilean -c ~/dev/joshibot/kernel/.lake/build/ir/Joshi.c --setup ~/dev/joshibot/kernel/.lake/build/ir/Joshi.setup.json --json",
   "level": "trace"}],
 "inputs":
 [["deps",
   [["joshi/Joshi:extraDep", [["@joshi:extraDep", "00000000000006bb"]]],
    ["imports",
     [["Joshi.Fill transitive imports (legacy)", "00000000000006bb"],
      ["Joshi.Fill:importAllArts", "ad2e622a5f598f6c"],
      ["Joshi.Basis transitive imports (legacy)", "00000000000006bb"],
      ["Joshi.Basis:importAllArts", "8827321d53ba4541"],
      ["Joshi.History transitive imports (legacy)", "00000000000006bb"],
      ["Joshi.History:importAllArts", "59a1766aa1e57a49"],
      ["Joshi.Dsl transitive imports (legacy)", "1f6ef5a87e6804a7"],
      ["Joshi.Dsl:importAllArts", "e95d3686302da59f"],
      ["Joshi.Envelope transitive imports (legacy)", "3b8a70cebd1cce01"],
      ["Joshi.Envelope:importAllArts", "f27b69308f88972c"]]]]],
  ["libs",
   [["import dynlibs", "00000000000006bb"],
    ["package external libraries", "00000000000006bb"],
    ["module dynlibs", "00000000000006bb"],
    ["module plugins", "00000000000006bb"]]],
  ["Lean 4.33.0, commit d8b18978322de05a8f3dba51ef03cf5461676c17",
   "3eca9d16ab6c877d"],
  ["~/dev/joshibot/kernel/Joshi.lean", "9d0ed90477572885"],
  ["options", "00000000000006bb"],
  ["isModule: false", "feefd2a0d3a1847e"],
  ["Module.name: Joshi", "d7e1dba850713a34"],
  ["Package.id?: (some joshi)", "d6a3211ab8875afb"],
  ["Module.leanArgs: #[]", "00000000000006bb"]],
 "depHash": "872636fe2c0dccee"}