{"synthetic": false,
 "schemaVersion": "2025-09-10",
 "outputs":
 {"o": ["bc4b5052882cd564.olean"],
  "m": false,
  "i": "c4049c93bd7d3e8f.ilean",
  "c": "6a005c77c29224ca.c"},
 "log":
 [{"message":
   ".> LEAN_PATH=~/dev/joshibot/kernel/.lake/build/lib/lean ~/.elan/toolchains/leanprover--lean4---v4.33.0/bin/lean ~/dev/joshibot/kernel/Joshi/Dsl.lean -o ~/dev/joshibot/kernel/.lake/build/lib/lean/Joshi/Dsl.olean -i ~/dev/joshibot/kernel/.lake/build/lib/lean/Joshi/Dsl.ilean -c ~/dev/joshibot/kernel/.lake/build/ir/Joshi/Dsl.c --setup ~/dev/joshibot/kernel/.lake/build/ir/Joshi/Dsl.setup.json --json",
   "level": "trace"}],
 "inputs":
 [["deps",
   [["joshi/Joshi:extraDep", [["@joshi:extraDep", "00000000000006bb"]]],
    ["imports",
     [["Joshi.History transitive imports (legacy)", "00000000000006bb"],
      ["Joshi.History:importAllArts", "59a1766aa1e57a49"]]]]],
  ["libs",
   [["import dynlibs", "00000000000006bb"],
    ["package external libraries", "00000000000006bb"],
    ["module dynlibs", "00000000000006bb"],
    ["module plugins", "00000000000006bb"]]],
  ["Lean 4.33.0, commit d8b18978322de05a8f3dba51ef03cf5461676c17",
   "3eca9d16ab6c877d"],
  ["~/dev/joshibot/kernel/Joshi/Dsl.lean", "cf6a00c652472b4f"],
  ["options", "00000000000006bb"],
  ["isModule: false", "feefd2a0d3a1847e"],
  ["Module.name: Joshi.Dsl", "cf66cdb4bc51302b"],
  ["Package.id?: (some joshi)", "d6a3211ab8875afb"],
  ["Module.leanArgs: #[]", "00000000000006bb"]],
 "depHash": "df9dae6b21b39aff"}