{"synthetic": false,
 "schemaVersion": "2025-09-10",
 "outputs":
 {"o": ["d5a3aa32304307d0.olean"],
  "m": false,
  "i": "c8eaf550fa9dc378.ilean",
  "c": "b3cb039b575b8960.c"},
 "log":
 [{"message":
   ".> LEAN_PATH=~/dev/joshibot/kernel/.lake/build/lib/lean ~/.elan/toolchains/leanprover--lean4---v4.33.0/bin/lean ~/dev/joshibot/kernel/Joshi/Envelope.lean -o ~/dev/joshibot/kernel/.lake/build/lib/lean/Joshi/Envelope.olean -i ~/dev/joshibot/kernel/.lake/build/lib/lean/Joshi/Envelope.ilean -c ~/dev/joshibot/kernel/.lake/build/ir/Joshi/Envelope.c --setup ~/dev/joshibot/kernel/.lake/build/ir/Joshi/Envelope.setup.json --json",
   "level": "trace"}],
 "inputs":
 [["deps",
   [["joshi/Joshi:extraDep", [["@joshi:extraDep", "00000000000006bb"]]],
    ["imports",
     [["Joshi.Fill transitive imports (legacy)", "00000000000006bb"],
      ["Joshi.Fill:importAllArts", "ad2e622a5f598f6c"]]]]],
  ["libs",
   [["import dynlibs", "00000000000006bb"],
    ["package external libraries", "00000000000006bb"],
    ["module dynlibs", "00000000000006bb"],
    ["module plugins", "00000000000006bb"]]],
  ["Lean 4.33.0, commit d8b18978322de05a8f3dba51ef03cf5461676c17",
   "3eca9d16ab6c877d"],
  ["~/dev/joshibot/kernel/Joshi/Envelope.lean", "d985bbb394d0064f"],
  ["options", "00000000000006bb"],
  ["isModule: false", "feefd2a0d3a1847e"],
  ["Module.name: Joshi.Envelope", "e24ed734568371d6"],
  ["Package.id?: (some joshi)", "d6a3211ab8875afb"],
  ["Module.leanArgs: #[]", "00000000000006bb"]],
 "depHash": "c88c036b6f1999c8"}