{"synthetic": false,
 "schemaVersion": "2025-09-10",
 "outputs":
 {"o": ["9e772eba897b376c.olean"],
  "m": false,
  "i": "ce0212bc26098d14.ilean",
  "c": "95a6ec940524752f.c"},
 "log":
 [{"message":
   ".> LEAN_PATH=~/dev/joshibot/kernel/.lake/build/lib/lean ~/.elan/toolchains/leanprover--lean4---v4.33.0/bin/lean ~/dev/joshibot/kernel/Joshi/Fill.lean -o ~/dev/joshibot/kernel/.lake/build/lib/lean/Joshi/Fill.olean -i ~/dev/joshibot/kernel/.lake/build/lib/lean/Joshi/Fill.ilean -c ~/dev/joshibot/kernel/.lake/build/ir/Joshi/Fill.c --setup ~/dev/joshibot/kernel/.lake/build/ir/Joshi/Fill.setup.json --json",
   "level": "trace"}],
 "inputs":
 [["deps",
   [["joshi/Joshi:extraDep", [["@joshi:extraDep", "00000000000006bb"]]],
    ["imports", "00000000000006bb"]]],
  ["libs",
   [["import dynlibs", "00000000000006bb"],
    ["package external libraries", "00000000000006bb"],
    ["module dynlibs", "00000000000006bb"],
    ["module plugins", "00000000000006bb"]]],
  ["Lean 4.33.0, commit d8b18978322de05a8f3dba51ef03cf5461676c17",
   "3eca9d16ab6c877d"],
  ["~/dev/joshibot/kernel/Joshi/Fill.lean", "0269c545517845da"],
  ["options", "00000000000006bb"],
  ["isModule: false", "feefd2a0d3a1847e"],
  ["Module.name: Joshi.Fill", "84d515aefd941315"],
  ["Package.id?: (some joshi)", "d6a3211ab8875afb"],
  ["Module.leanArgs: #[]", "00000000000006bb"]],
 "depHash": "ec8757671dd695ac"}