{"synthetic": false,
 "schemaVersion": "2025-09-10",
 "outputs":
 {"o": ["c5e881eebd6c8851.olean"],
  "m": false,
  "i": "7b5934adab24d197.ilean",
  "c": "fdb2c38cb84805fa.c"},
 "log":
 [{"message":
   ".> LEAN_PATH=~/dev/joshibot/kernel/.lake/build/lib/lean ~/.elan/toolchains/leanprover--lean4---v4.33.0/bin/lean ~/dev/joshibot/kernel/Joshi/History.lean -o ~/dev/joshibot/kernel/.lake/build/lib/lean/Joshi/History.olean -i ~/dev/joshibot/kernel/.lake/build/lib/lean/Joshi/History.ilean -c ~/dev/joshibot/kernel/.lake/build/ir/Joshi/History.c --setup ~/dev/joshibot/kernel/.lake/build/ir/Joshi/History.setup.json --json",
   "level": "trace"}],
 "inputs":
 [["deps",
   [["joshi/Joshi:extraDep", [["@joshi:extraDep", "00000000000006bb"]]],
    ["imports", "00000000000006bb"]]],
  ["libs",
   [["import dynlibs", "00000000000006bb"],
    ["package external libraries", "00000000000006bb"],
    ["module dynlibs", "00000000000006bb"],
    ["module plugins", "00000000000006bb"]]],
  ["Lean 4.33.0, commit d8b18978322de05a8f3dba51ef03cf5461676c17",
   "3eca9d16ab6c877d"],
  ["~/dev/joshibot/kernel/Joshi/History.lean", "804dfc94424e3e2b"],
  ["options", "00000000000006bb"],
  ["isModule: false", "feefd2a0d3a1847e"],
  ["Module.name: Joshi.History", "1a7f30a1145fcdcb"],
  ["Package.id?: (some joshi)", "d6a3211ab8875afb"],
  ["Module.leanArgs: #[]", "00000000000006bb"]],
 "depHash": "625b35b16239d74e"}